  RC Drag Manager feed connected. Waiting for its next race.

--------------------------------------------------------------
10:42:42   SLIP 1
--------------------------------------------------------------
          Portatree Timing Systems        
          Championship Drag Racing        
             www.portatree.com            
          -         Entry        -
        0.00        Dial       0.00  
        0.5097       RT        LB3A
    80.49  MPH
    1.7740  ET    DQ
   WINNER  <<<
  Right Stage FOUL
  Left 1st
  Autostart OFF

  LEFT                RIGHT
  RT       0.5097     -
  ET       1.7740     DQ
  MPH      80.49      -


--------------------------------------------------------------
10:45:00   SLIP 2
--------------------------------------------------------------
          Portatree Timing Systems        
          Championship Drag Racing        
             www.portatree.com            
          -         Entry        -
        0.00        Dial       0.00  
         LB3A        RT        0.6438
           MPH
     DQ     ET 65.0000
           >>> WINNER
  Left Staging FOUL
  Right 1st
  Autostart OFF

  LEFT                RIGHT
  RT       -          0.6438
  ET       DQ         65.0000
  MPH      -          -


--------------------------------------------------------------
10:46:39   SLIP 3
--------------------------------------------------------------
          Portatree Timing Systems        
          Championship Drag Racing        
             www.portatree.com            
          -         Entry        -
        0.00        Dial       0.00  
         LB3A        RT        0.4791
           MPH  84.80
     DQ     ET  1.5679
           >>> WINNER
  Left Staging FOUL
  Right 1st
  Autostart OFF

  LEFT                RIGHT
  RT       -          0.4791
  ET       DQ         1.5679
  MPH      -          84.80


--------------------------------------------------------------
10:50:17   SLIP 4
--------------------------------------------------------------
          Portatree Timing Systems        
          Championship Drag Racing        
             www.portatree.com            
          -         Entry        -
        0.00        Dial       0.00  
         LB3A        RT        0.8847
           MPH  71.92
     DQ     ET  1.9511
           >>> WINNER
  Left Staging FOUL
  Right 1st
  Autostart OFF

  LEFT                RIGHT
  RT       -          0.8847
  ET       DQ         1.9511
  MPH      -          71.92


--------------------------------------------------------------
10:52:25   SLIP 5
--------------------------------------------------------------
          Portatree Timing Systems        
          Championship Drag Racing        
             www.portatree.com            
          -         Entry        -
        0.00        Dial       0.00  
        0.2067       RT        LB3A
    92.51  MPH
    1.7405  ET    DQ
   WINNER  <<<
  Right Stage FOUL
  Left 1st
  Autostart OFF

  LEFT                RIGHT
  RT       0.2067     -
  ET       1.7405     DQ
  MPH      92.51      -


--------------------------------------------------------------
10:54:02   SLIP 6
--------------------------------------------------------------
          Portatree Timing Systems        
          Championship Drag Racing        
             www.portatree.com            
          -         Entry        -
        0.00        Dial       0.00  
        0.3764       RT        LB3A
    86.96  MPH
    1.7735  ET    DQ
   WINNER  <<<
  Right Stage FOUL
  Left 1st
  Autostart OFF

  LEFT                RIGHT
  RT       0.3764     -
  ET       1.7735     DQ
  MPH      86.96      -


--------------------------------------------------------------
10:56:14   SLIP 7
--------------------------------------------------------------
          Portatree Timing Systems        
          Championship Drag Racing        
             www.portatree.com            
          -         Entry        -
        0.00        Dial       0.00  
        0.5129       RT        LB3A
    10.55  MPH
    4.7500  ET    DQ
   WINNER  <<<
  Right Stage FOUL
  Left 1st
  Autostart OFF

  LEFT                RIGHT
  RT       0.5129     -
  ET       4.7500     DQ
  MPH      10.55      -


--------------------------------------------------------------
11:01:41   SLIP 8
--------------------------------------------------------------
          Portatree Timing Systems        
          Championship Drag Racing        
             www.portatree.com            
          -         Entry        -
        0.00        Dial       0.00  
        0.4939       RT        LB3A
           MPH
   64.9999  ET    DQ
   WINNER  <<<
  Right Stage FOUL
  Right 1st
  Autostart OFF

  LEFT                RIGHT
  RT       0.4939     -
  ET       64.9999    DQ
  MPH      -          -


--------------------------------------------------------------
11:02:28   SLIP 9
--------------------------------------------------------------
          Portatree Timing Systems        
          Championship Drag Racing        
             www.portatree.com            
          -         Entry        -
        0.00        Dial       0.00  
        0.6551       RT        0.4109
    29.99  MPH  93.27
    2.4754  ET  1.6487
           >>> WINNER
  Right 1st  1.0709
  Autostart OFF

  LEFT                RIGHT
  RT       0.6551     0.4109
  ET       2.4754     1.6487
  MPH      29.99      93.27


--------------------------------------------------------------
11:20:46   SLIP 10
--------------------------------------------------------------
          Portatree Timing Systems        
          Championship Drag Racing        
             www.portatree.com            
          -         Entry        -
        0.00        Dial       0.00  
         LB3A        RT        0.8592
           MPH  92.01
     DQ     ET  1.5811
           >>> WINNER
  Left Staging FOUL
  Right 1st
  Autostart OFF

  LEFT                RIGHT
  RT       -          0.8592
  ET       DQ         1.5811
  MPH      -          92.01


--------------------------------------------------------------
11:23:19   SLIP 11
--------------------------------------------------------------
          Portatree Timing Systems        
          Championship Drag Racing        
             www.portatree.com            
          -         Entry        -
        0.00        Dial       0.00  
        0.5827       RT        LB3A
           MPH
   64.9999  ET    DQ
   WINNER  <<<
  Right Stage FOUL
  Right 1st
  Autostart OFF

  LEFT                RIGHT
  RT       0.5827     -
  ET       64.9999    DQ
  MPH      -          -

  Reading names from RC Drag Manager on this laptop. No internet needed.
  Winner picked. Holding the result on the stream for 15 seconds.
  RC Drag Manager: Keff Tetha vs brett farnell [Limited Prep RR1]

--------------------------------------------------------------
11:27:12   SLIP 12
--------------------------------------------------------------
          Portatree Timing Systems        
          Championship Drag Racing        
             www.portatree.com            
          -         Entry        -
        0.00        Dial       0.00  
         LB3A        RT        0.7372
           MPH  82.74
     DQ     ET  1.8465
           >>> WINNER
  Left Staging FOUL
  Right 1st
  Autostart OFF

  LEFT                RIGHT
  RT       -          0.7372
  ET       DQ         1.8465
  MPH      -          82.74


--------------------------------------------------------------
11:40:45   SLIP 13
--------------------------------------------------------------
          Portatree Timing Systems        
          Championship Drag Racing        
             www.portatree.com            
          -         Entry        -
        0.00        Dial       0.00  
        0.4105       RT        0.5048
    92.38  MPH  50.43
    1.6408  ET  2.4754
   WINNER  <<<
  Left 1st  0.9289
  Autostart OFF

  LEFT                RIGHT
  RT       0.4105     0.5048
  ET       1.6408     2.4754
  MPH      92.38      50.43

  Winner picked. Holding the result on the stream for 15 seconds.
  RC Drag Manager: Russel Nelson vs Jeff Grimes [Limited Prep RR1]

--------------------------------------------------------------
11:43:22   SLIP 14
--------------------------------------------------------------
          Portatree Timing Systems        
          Championship Drag Racing        
             www.portatree.com            
          -         Entry        -
        0.00        Dial       0.00  
        0.4343       RT        0.3416
    89.71  MPH  84.90
    1.6618  ET  1.7676
   WINNER  <<<
  Left 1st  0.0131
  Autostart OFF

  LEFT                RIGHT
  RT       0.4343     0.3416
  ET       1.6618     1.7676
  MPH      89.71      84.90

  Winner picked. Holding the result on the stream for 15 seconds.
  RC Drag Manager: Neal vs jacko [Limited Prep RR1]

--------------------------------------------------------------
11:47:06   SLIP 15
--------------------------------------------------------------
          Portatree Timing Systems        
          Championship Drag Racing        
             www.portatree.com            
          -         Entry        -
        0.00        Dial       0.00  
        0.4246       RT        0.4834
    93.91  MPH  33.92
    1.7033  ET  2.1292
   WINNER  <<<
  Left 1st  0.4847
  Autostart OFF

  LEFT                RIGHT
  RT       0.4246     0.4834
  ET       1.7033     2.1292
  MPH      93.91      33.92

  Winner picked. Holding the result on the stream for 15 seconds.
  RC Drag Manager: Jeff Grimes vs Keff Tetha [Limited Prep RR2]

--------------------------------------------------------------
11:57:31   SLIP 16
--------------------------------------------------------------
          Portatree Timing Systems        
          Championship Drag Racing        
             www.portatree.com            
          -         Entry        -
        0.00        Dial       0.00  
        0.4265       RT        0.3934
    87.52  MPH  90.54
    1.7206  ET  1.6569
           >>> WINNER
  Right 1st  0.0968
  Autostart OFF

  LEFT                RIGHT
  RT       0.4265     0.3934
  ET       1.7206     1.6569
  MPH      87.52      90.54

  Winner picked. Holding the result on the stream for 15 seconds.
  RC Drag Manager: jacko vs brett farnell [Limited Prep RR2]
  RC Drag Manager: Russel Nelson vs Neal [Limited Prep RR2]

--------------------------------------------------------------
12:00:59   SLIP 17
--------------------------------------------------------------
          Portatree Timing Systems        
          Championship Drag Racing        
             www.portatree.com            
          -         Entry        -
        0.00        Dial       0.00  
        0.4600       RT        0.3996
    92.01  MPH  93.39
    1.6564  ET  1.6622
           >>> WINNER
  Right 1st  0.0546
  Autostart OFF

  LEFT                RIGHT
  RT       0.4600     0.3996
  ET       1.6564     1.6622
  MPH      92.01      93.39

  Winner picked. Holding the result on the stream for 15 seconds.
  RC Drag Manager: Keff Tetha vs jacko [Limited Prep RR3]

--------------------------------------------------------------
12:02:55   SLIP 18
--------------------------------------------------------------
          Portatree Timing Systems        
          Championship Drag Racing        
             www.portatree.com            
          -         Entry        -
        0.00        Dial       0.00  
        0.4334       RT        0.5274
    20.63  MPH  50.39
    2.9752  ET  2.4512
           >>> WINNER
  Right 1st  0.4300
  Autostart OFF

  LEFT                RIGHT
  RT       0.4334     0.5274
  ET       2.9752     2.4512
  MPH      20.63      50.39


--------------------------------------------------------------
12:17:49   SLIP 19
--------------------------------------------------------------
          Portatree Timing Systems        
          Championship Drag Racing        
             www.portatree.com            
          -         Entry        -
        0.00        Dial       0.00  
        0.3755       RT        0.4261
    90.54  MPH  83.86
    1.6712  ET  1.7334
   WINNER  <<<
  Left 1st  0.1128
  Autostart OFF

  LEFT                RIGHT
  RT       0.3755     0.4261
  ET       1.6712     1.7334
  MPH      90.54      83.86

  Winner picked. Holding the result on the stream for 15 seconds.
  RC Drag Manager: Neal vs Jeff Grimes [Limited Prep RR3]
  RC Drag Manager: brett farnell vs Russel Nelson [Limited Prep RR3]

--------------------------------------------------------------
12:21:22   SLIP 20
--------------------------------------------------------------
          Portatree Timing Systems        
          Championship Drag Racing        
             www.portatree.com            
          -         Entry        -
        0.00        Dial       0.00  
        0.3989       RT        0.3846
           MPH  59.13
   64.9999  ET  1.8938
           >>> WINNER
  Right 1st
  Autostart OFF

  LEFT                RIGHT
  RT       0.3989     0.3846
  ET       64.9999    1.8938
  MPH      -          59.13


--------------------------------------------------------------
12:24:13   SLIP 21
--------------------------------------------------------------
          Portatree Timing Systems        
          Championship Drag Racing        
             www.portatree.com            
          -         Entry        -
        0.00        Dial       0.00  
        0.4665       RT        0.4871
    82.54  MPH
    1.6740  ET 64.9999
   WINNER  <<<
  Left 1st
  Autostart OFF

  LEFT                RIGHT
  RT       0.4665     0.4871
  ET       1.6740     64.9999
  MPH      82.54      -

  RC Drag Manager: jacko vs Russel Nelson [Limited Prep LB-R1]

--------------------------------------------------------------
12:34:01   SLIP 22
--------------------------------------------------------------
          Portatree Timing Systems        
          Championship Drag Racing        
             www.portatree.com            
          -         Entry        -
        0.00        Dial       0.00  
        0.4638       RT        LB3A
    86.52  MPH
    1.6863  ET    DQ
   WINNER  <<<
  Right Stage FOUL
  Left 1st
  Autostart OFF

  LEFT                RIGHT
  RT       0.4638     -
  ET       1.6863     DQ
  MPH      86.52      -


--------------------------------------------------------------
12:45:40   SLIP 23
--------------------------------------------------------------
          Portatree Timing Systems        
          Championship Drag Racing        
             www.portatree.com            
          -         Entry        -
        0.00        Dial       0.00  
        0.3811       RT        0.4932
    83.96  MPH  92.01
    1.7658  ET  1.6397
           >>> WINNER
  Right 1st  0.0140
  Autostart OFF

  LEFT                RIGHT
  RT       0.3811     0.4932
  ET       1.7658     1.6397
  MPH      83.96      92.01

  Winner picked. Holding the result on the stream for 15 seconds.
  RC Drag Manager: Russel Nelson vs brett farnell [Limited Prep SF]

--------------------------------------------------------------
13:00:19   SLIP 24
--------------------------------------------------------------
          Portatree Timing Systems        
          Championship Drag Racing        
             www.portatree.com            
          -         Entry        -
        0.00        Dial       0.00  
        0.3594       RT        0.4791
    88.09  MPH  52.24
    1.6735  ET  2.4083
   WINNER  <<<
  Left 1st  0.8545
  Autostart OFF

  LEFT                RIGHT
  RT       0.3594     0.4791
  ET       1.6735     2.4083
  MPH      88.09      52.24

  Winner picked. Holding the result on the stream for 15 seconds.
  RC Drag Manager: Keff Tetha vs Neal [Limited Prep SF]

--------------------------------------------------------------
13:04:31   SLIP 25
--------------------------------------------------------------
          Portatree Timing Systems        
          Championship Drag Racing        
             www.portatree.com            
          -         Entry        -
        0.00        Dial       0.00  
        0.3534       RT        0.3754
    92.76  MPH  92.76
    1.7264  ET  1.6597
           >>> WINNER
  Right 1st  0.0447
  Autostart OFF

  LEFT                RIGHT
  RT       0.3534     0.3754
  ET       1.7264     1.6597
  MPH      92.76      92.76

  Winner picked. Holding the result on the stream for 15 seconds.
  RC Drag Manager: Neal vs Russel Nelson [Limited Prep F]

--------------------------------------------------------------
13:07:32   SLIP 26
--------------------------------------------------------------
          Portatree Timing Systems        
          Championship Drag Racing        
             www.portatree.com            
          -         Entry        -
        0.00        Dial       0.00  
        0.4705       RT        0.4392
    88.77  MPH  41.67
    1.5954  ET  2.0032
   WINNER  <<<
  Left 1st  0.3765
  Autostart OFF

  LEFT                RIGHT
  RT       0.4705     0.4392
  ET       1.5954     2.0032
  MPH      88.77      41.67


--------------------------------------------------------------
13:16:07   SLIP 27
--------------------------------------------------------------
          Portatree Timing Systems        
          Championship Drag Racing        
             www.portatree.com            
          -         Entry        -
        0.00        Dial       0.00  
        0.4128       RT        0.4016
           MPH  87.30
   64.9999  ET  1.6802
           >>> WINNER
  Right 1st
  Autostart OFF

  LEFT                RIGHT
  RT       0.4128     0.4016
  ET       64.9999    1.6802
  MPH      -          87.30


--------------------------------------------------------------
13:18:19   SLIP 28
--------------------------------------------------------------
          Portatree Timing Systems        
          Championship Drag Racing        
             www.portatree.com            
          -         Entry        -
        0.00        Dial       0.00  
        0.4597       RT        LB3A
    23.57  MPH
    4.4790  ET    DQ
   WINNER  <<<
  Right Stage FOUL
  Left 1st
  Autostart OFF

  LEFT                RIGHT
  RT       0.4597     -
  ET       4.4790     DQ
  MPH      23.57      -


--------------------------------------------------------------
13:24:04   SLIP 29
--------------------------------------------------------------
          Portatree Timing Systems        
          Championship Drag Racing        
             www.portatree.com            
          -         Entry        -
        0.00        Dial       0.00  
         LB3A        RT        0.6718
           MPH  81.36
     DQ     ET  1.7538
           >>> WINNER
  Left Staging FOUL
  Right 1st
  Autostart OFF

  LEFT                RIGHT
  RT       -          0.6718
  ET       DQ         1.7538
  MPH      -          81.36


--------------------------------------------------------------
13:25:27   SLIP 30
--------------------------------------------------------------
          Portatree Timing Systems        
          Championship Drag Racing        
             www.portatree.com            
          -         Entry        -
        0.00        Dial       0.00  
        0.4907       RT        LB3A
    88.77  MPH
    1.5583  ET    DQ
   WINNER  <<<
  Right Stage FOUL
  Left 1st
  Autostart OFF

  LEFT                RIGHT
  RT       0.4907     -
  ET       1.5583     DQ
  MPH      88.77      -


--------------------------------------------------------------
13:26:02   SLIP 31
--------------------------------------------------------------
          Portatree Timing Systems        
          Championship Drag Racing        
             www.portatree.com            
          -         Entry        -
        0.00        Dial       0.00  
         LB3A        RT        0.5328
           MPH  85.33
     DQ     ET  1.7410
           >>> WINNER
  Left Staging FOUL
  Right 1st
  Autostart OFF

  LEFT                RIGHT
  RT       -          0.5328
  ET       DQ         1.7410
  MPH      -          85.33


--------------------------------------------------------------
13:27:05   SLIP 32
--------------------------------------------------------------
          Portatree Timing Systems        
          Championship Drag Racing        
             www.portatree.com            
          -         Entry        -
        0.00        Dial       0.00  
        0.4314       RT        LB3A
    22.81  MPH
    5.5289  ET    DQ
   WINNER  <<<
  Right Stage FOUL
  Left 1st
  Autostart OFF

  LEFT                RIGHT
  RT       0.4314     -
  ET       5.5289     DQ
  MPH      22.81      -


--------------------------------------------------------------
13:28:18   SLIP 33
--------------------------------------------------------------
          Portatree Timing Systems        
          Championship Drag Racing        
             www.portatree.com            
          -         Entry        -
        0.00        Dial       0.00  
        0.4433       RT        LB3A
    21.96  MPH
    4.5829  ET    DQ
   WINNER  <<<
  Right Stage FOUL
  Left 1st
  Autostart OFF

  LEFT                RIGHT
  RT       0.4433     -
  ET       4.5829     DQ
  MPH      21.96      -


--------------------------------------------------------------
13:29:23   SLIP 34
--------------------------------------------------------------
          Portatree Timing Systems        
          Championship Drag Racing        
             www.portatree.com            
          -         Entry        -
        0.00        Dial       0.00  
        0.3899       RT        LB3A
    22.88  MPH
    4.6258  ET    DQ
   WINNER  <<<
  Right Stage FOUL
  Left 1st
  Autostart OFF

  LEFT                RIGHT
  RT       0.3899     -
  ET       4.6258     DQ
  MPH      22.88      -


--------------------------------------------------------------
13:30:20   SLIP 35
--------------------------------------------------------------
          Portatree Timing Systems        
          Championship Drag Racing        
             www.portatree.com            
          -         Entry        -
        0.00        Dial       0.00  
        0.3341       RT        LB3A
           MPH
   64.9999  ET    DQ
   WINNER  <<<
  Right Stage FOUL
  Right 1st
  Autostart OFF

  LEFT                RIGHT
  RT       0.3341     -
  ET       64.9999    DQ
  MPH      -          -


--------------------------------------------------------------
13:30:58   SLIP 36
--------------------------------------------------------------
          Portatree Timing Systems        
          Championship Drag Racing        
             www.portatree.com            
          -         Entry        -
        0.00        Dial       0.00  
         LB3A        RT        0.3741
           MPH  22.30
     DQ     ET  4.6425
           >>> WINNER
  Left Staging FOUL
  Right 1st
  Autostart OFF

  LEFT                RIGHT
  RT       -          0.3741
  ET       DQ         4.6425
  MPH      -          22.30

  Winner picked. Holding the result on the stream for 15 seconds.
  RC Drag Manager: Will vs Ben [Outlaw RR1]

--------------------------------------------------------------
13:32:02   SLIP 37
--------------------------------------------------------------
          Portatree Timing Systems        
          Championship Drag Racing        
             www.portatree.com            
          -         Entry        -
        0.00        Dial       0.00  
         LB3A        RT        0.3333
           MPH  22.34
     DQ     ET  4.6947
           >>> WINNER
  Left Staging FOUL
  Right 1st
  Autostart OFF

  LEFT                RIGHT
  RT       -          0.3333
  ET       DQ         4.6947
  MPH      -          22.34


--------------------------------------------------------------
13:33:11   SLIP 38
--------------------------------------------------------------
          Portatree Timing Systems        
          Championship Drag Racing        
             www.portatree.com            
          -         Entry        -
        0.00        Dial       0.00  
         LB3A        RT        0.2620
           MPH  13.46
     DQ     ET  7.6205
           >>> WINNER
  Left Staging FOUL
  Right 1st
  Autostart OFF

  LEFT                RIGHT
  RT       -          0.2620
  ET       DQ         7.6205
  MPH      -          13.46


--------------------------------------------------------------
13:34:09   SLIP 39
--------------------------------------------------------------
          Portatree Timing Systems        
          Championship Drag Racing        
             www.portatree.com            
          -         Entry        -
        0.00        Dial       0.00  
        0.3997       RT        LB3A
           MPH
   64.9999  ET    DQ
   WINNER  <<<
  Right Stage FOUL
  Right 1st
  Autostart OFF

  LEFT                RIGHT
  RT       0.3997     -
  ET       64.9999    DQ
  MPH      -          -


--------------------------------------------------------------
13:40:54   SLIP 40
--------------------------------------------------------------
          Portatree Timing Systems        
          Championship Drag Racing        
             www.portatree.com            
          -         Entry        -
        0.00        Dial       0.00  
         LB3A        RT        0.5360
           MPH  18.98
     DQ     ET  3.8575
           >>> WINNER
  Left Staging FOUL
  Right 1st
  Autostart OFF

  LEFT                RIGHT
  RT       -          0.5360
  ET       DQ         3.8575
  MPH      -          18.98


--------------------------------------------------------------
13:44:55   SLIP 41
--------------------------------------------------------------
          Portatree Timing Systems        
          Championship Drag Racing        
             www.portatree.com            
          -         Entry        -
        0.00        Dial       0.00  
         LB3A        RT        0.4833
           MPH
     DQ     ET 65.0000
           >>> WINNER
  Left Staging FOUL
  Right 1st
  Autostart OFF

  LEFT                RIGHT
  RT       -          0.4833
  ET       DQ         65.0000
  MPH      -          -


--------------------------------------------------------------
13:48:20   SLIP 42
--------------------------------------------------------------
          Portatree Timing Systems        
          Championship Drag Racing        
             www.portatree.com            
          -         Entry        -
        0.00        Dial       0.00  
        0.3850       RT        0.4434
    85.22  MPH  88.54
    1.5225  ET  1.5172
   WINNER  <<<
  Left 1st  0.0531
  Autostart OFF

  LEFT                RIGHT
  RT       0.3850     0.4434
  ET       1.5225     1.5172
  MPH      85.22      88.54

  Winner picked. Holding the result on the stream for 15 seconds.
  RC Drag Manager: Chris Whelan vs BYE [Outlaw RR1]
  RC Drag Manager: Keff Tetha vs Russel Nelson [Outlaw RR1]

--------------------------------------------------------------
13:53:43   SLIP 43
--------------------------------------------------------------
          Portatree Timing Systems        
          Championship Drag Racing        
             www.portatree.com            
          -         Entry        -
        0.00        Dial       0.00  
        0.3623       RT        0.4573
    91.51  MPH  89.71
    1.4827  ET  1.4644
   WINNER  <<<
  Left 1st  0.0767
  Autostart OFF

  LEFT                RIGHT
  RT       0.3623     0.4573
  ET       1.4827     1.4644
  MPH      91.51      89.71

  Winner picked. Holding the result on the stream for 15 seconds.
  RC Drag Manager: Aaron Watson vs Jeff Grimes [Outlaw RR1]
  RC Drag Manager: Ben vs BYE [Outlaw RR2]

--------------------------------------------------------------
13:57:58   SLIP 44
--------------------------------------------------------------
          Portatree Timing Systems        
          Championship Drag Racing        
             www.portatree.com            
          -         Entry        -
        0.00        Dial       0.00  
        0.3439       RT        0.3747
    82.54  MPH  20.43
    1.6471  ET  2.9423
   WINNER  <<<
  Left 1st  1.3260
  Autostart OFF

  LEFT                RIGHT
  RT       0.3439     0.3747
  ET       1.6471     2.9423
  MPH      82.54      20.43

  RC Drag Manager: Russel Nelson vs Will [Outlaw RR2]

--------------------------------------------------------------
14:08:18   SLIP 45
--------------------------------------------------------------
          Portatree Timing Systems        
          Championship Drag Racing        
             www.portatree.com            
          -         Entry        -
        0.00        Dial       0.00  
        0.3615       RT        0.3671
    12.08  MPH
    3.3786  ET 64.9999
   WINNER  <<<
  Left 1st
  Autostart OFF

  LEFT                RIGHT
  RT       0.3615     0.3671
  ET       3.3786     64.9999
  MPH      12.08      -

  Winner picked. Holding the result on the stream for 15 seconds.
  RC Drag Manager: Chris Whelan vs Aaron Watson [Outlaw RR2]

--------------------------------------------------------------
14:10:49   SLIP 46
--------------------------------------------------------------
          Portatree Timing Systems        
          Championship Drag Racing        
             www.portatree.com            
          -         Entry        -
        0.00        Dial       0.00  
        0.4491       RT        0.4551
    88.89  MPH  16.82
    1.4812  ET  4.7940
   WINNER  <<<
  Left 1st  3.3188
  Autostart OFF

  LEFT                RIGHT
  RT       0.4491     0.4551
  ET       1.4812     4.7940
  MPH      88.89      16.82

  Winner picked. Holding the result on the stream for 15 seconds.
  RC Drag Manager: Jeff Grimes vs Keff Tetha [Outlaw RR2]

--------------------------------------------------------------
14:15:46   SLIP 47
--------------------------------------------------------------
          Portatree Timing Systems        
          Championship Drag Racing        
             www.portatree.com            
          -         Entry        -
        0.00        Dial       0.00  
        0.3480       RT        0.3543
    76.26  MPH  80.59
    1.9302  ET  1.8396
           >>> WINNER
  Right 1st  0.0843
  Autostart OFF

  LEFT                RIGHT
  RT       0.3480     0.3543
  ET       1.9302     1.8396
  MPH      76.26      80.59

  Winner picked. Holding the result on the stream for 15 seconds.
  RC Drag Manager: Ben vs Russel Nelson [Outlaw RR3]

--------------------------------------------------------------
14:17:37   SLIP 48
--------------------------------------------------------------
          Portatree Timing Systems        
          Championship Drag Racing        
             www.portatree.com            
          -         Entry        -
        0.00        Dial       0.00  
        0.5097       RT        LB3A
    90.90  MPH
    1.5356  ET    DQ
   WINNER  <<<
  Right Stage FOUL
  Left 1st
  Autostart OFF

  LEFT                RIGHT
  RT       0.5097     -
  ET       1.5356     DQ
  MPH      90.90      -

  RC Drag Manager: Aaron Watson vs BYE [Outlaw RR3]
  RC Drag Manager: Will vs Jeff Grimes [Outlaw RR3]

--------------------------------------------------------------
14:33:53   SLIP 49
--------------------------------------------------------------
          Portatree Timing Systems        
          Championship Drag Racing        
             www.portatree.com            
          -         Entry        -
        0.00        Dial       0.00  
        0.4365       RT        0.3580
    84.59  MPH  89.71
    1.4995  ET  1.5411
           >>> WINNER
  Right 1st  0.0369
  Autostart OFF

  LEFT                RIGHT
  RT       0.4365     0.3580
  ET       1.4995     1.5411
  MPH      84.59      89.71

  Winner picked. Holding the result on the stream for 15 seconds.
  RC Drag Manager: Keff Tetha vs Chris Whelan [Outlaw RR3]

--------------------------------------------------------------
14:37:22   SLIP 50
--------------------------------------------------------------
          Portatree Timing Systems        
          Championship Drag Racing        
             www.portatree.com            
          -         Entry        -
        0.00        Dial       0.00  
        0.3794       RT        0.4331
           MPH
   64.9999  ET 64.9999
  Autostart OFF

  LEFT                RIGHT
  RT       0.3794     0.4331
  ET       64.9999    64.9999
  MPH      -          -

  Winner picked. Holding the result on the stream for 15 seconds.
  RC Drag Manager: Ben vs Russel Nelson [Outlaw RR3]

--------------------------------------------------------------
14:40:47   SLIP 51
--------------------------------------------------------------
          Portatree Timing Systems        
          Championship Drag Racing        
             www.portatree.com            
          -         Entry        -
        0.00        Dial       0.00  
        0.4217       RT        0.4235
    87.86  MPH
    1.5808  ET 64.9999
   WINNER  <<<
  Left 1st
  Autostart OFF

  LEFT                RIGHT
  RT       0.4217     0.4235
  ET       1.5808     64.9999
  MPH      87.86      -

  RC Drag Manager: Russel Nelson vs Will [Outlaw LB-R1]
  RC Drag Manager: Jeff Grimes vs Ben [Outlaw LB-R1]

--------------------------------------------------------------
14:57:10   SLIP 52
--------------------------------------------------------------
          Portatree Timing Systems        
          Championship Drag Racing        
             www.portatree.com            
          -         Entry        -
        0.00        Dial       0.00  
        0.3783       RT        0.3545
    25.84  MPH
    2.7693  ET  7.9088
   WINNER  <<<
  Left 1st  5.1157
  Autostart OFF

  LEFT                RIGHT
  RT       0.3783     0.3545
  ET       2.7693     7.9088
  MPH      25.84      -


--------------------------------------------------------------
14:59:33   SLIP 53
--------------------------------------------------------------
          Portatree Timing Systems        
          Championship Drag Racing        
             www.portatree.com            
          -         Entry        -
        0.00        Dial       0.00  
        0.3936       RT        0.4715
    80.02  MPH  88.20
    1.8346  ET  1.5598
           >>> WINNER
  Right 1st  0.1969
  Autostart OFF

  LEFT                RIGHT
  RT       0.3936     0.4715
  ET       1.8346     1.5598
  MPH      80.02      88.20

  Winner picked. Holding the result on the stream for 15 seconds.
  RC Drag Manager: Ben vs Will [Outlaw LB-F]

--------------------------------------------------------------
15:12:06   SLIP 54
--------------------------------------------------------------
          Portatree Timing Systems        
          Championship Drag Racing        
             www.portatree.com            
          -         Entry        -
        0.00        Dial       0.00  
        0.3737       RT        0.4270
    90.06  MPH
    1.5356  ET 64.9999
   WINNER  <<<
  Left 1st
  Autostart OFF

  LEFT                RIGHT
  RT       0.3737     0.4270
  ET       1.5356     64.9999
  MPH      90.06      -

  Winner picked. Holding the result on the stream for 15 seconds.
  RC Drag Manager: Aaron Watson vs Keff Tetha [Outlaw SF]
  RC Drag Manager: Chris Whelan vs Ben [Outlaw SF]

--------------------------------------------------------------
15:26:51   SLIP 55
--------------------------------------------------------------
          Portatree Timing Systems        
          Championship Drag Racing        
             www.portatree.com            
          -         Entry        -
        0.00        Dial       0.00  
        0.1877       RT        0.3825
           MPH  79.28
   64.9999  ET  1.5470
           >>> WINNER
  Right 1st
  Autostart OFF

  LEFT                RIGHT
  RT       0.1877     0.3825
  ET       64.9999    1.5470
  MPH      -          79.28

  RC Drag Manager: Ben vs Keff Tetha [Outlaw F]

--------------------------------------------------------------
15:29:54   SLIP 56
--------------------------------------------------------------
          Portatree Timing Systems        
          Championship Drag Racing        
             www.portatree.com            
          -         Entry        -
        0.00        Dial       0.00  
        0.3720       RT        0.3581
           MPH  88.89
   64.9999  ET  1.5389
           >>> WINNER
  Right 1st
  Autostart OFF

  LEFT                RIGHT
  RT       0.3720     0.3581
  ET       64.9999    1.5389
  MPH      -          88.89


--------------------------------------------------------------
15:52:05   SLIP 57
--------------------------------------------------------------
          Portatree Timing Systems        
          Championship Drag Racing        
             www.portatree.com            
          -         Entry        -
        0.00        Dial       0.00  
        0.3492       RT        0.3485
    90.30  MPH  91.51
    1.5220  ET  1.5231
   WINNER  <<<
  Left 1st  0.0004
  Autostart OFF

  LEFT                RIGHT
  RT       0.3492     0.3485
  ET       1.5220     1.5231
  MPH      90.30      91.51


--------------------------------------------------------------
15:56:26   SLIP 58
--------------------------------------------------------------
          Portatree Timing Systems        
          Championship Drag Racing        
             www.portatree.com            
          -         Entry        -
        0.00        Dial       0.00  
        0.8293       RT        0.4632
    28.42  MPH
    1.9788  ET 64.9999
   WINNER  <<<
  Left 1st
  Autostart OFF

  LEFT                RIGHT
  RT       0.8293     0.4632
  ET       1.9788     64.9999
  MPH      28.42      -

