  RC Drag Manager: Stewart McMillan vs Ryan Carter [Street R1]

--------------------------------------------------------------
22:05:13   SLIP 1
--------------------------------------------------------------
        0.00        Dial       0.00
        0.2883       RT        0.1895
    27.18  MPH  54.54
    4.0463  ET  2.7492
           >>> WINNER
  Right 1st  1.3959

  LEFT                RIGHT
  RT       0.2883     0.1895
  ET       4.0463     2.7492
  MPH      27.18      54.54

  Winner picked. Holding the result on the stream for 15 seconds.
  RC Drag Manager: Alex Morgan vs Jordan Lee [Street R1]

--------------------------------------------------------------
22:05:38   SLIP 2
--------------------------------------------------------------
        0.00        Dial       0.00
         LB3A        RT        0.3390
           MPH  66.38
     DQ     ET  2.4159
           >>> WINNER
  Left Staging FOUL
  Right 1st

  LEFT                RIGHT
  RT       -          0.3390
  ET       DQ         2.4159
  MPH      -          66.38

  Winner picked. Holding the result on the stream for 15 seconds.
