  Reading names from RC Drag Manager on this laptop. No internet needed.
  RC Drag Manager: James Lowday vs Adam Briar [DYO R2]

--------------------------------------------------------------
14:45:04   SLIP 1
--------------------------------------------------------------
          Portatree Timing Systems        
          Championship Drag Racing        
             www.portatree.com            
          -         Entry        -
        0.00        Dial       0.00  
        0.4843       RT        0.4904
    85.97  MPH  49.40
    1.6782  ET  3.1641
   WINNER  <<<
  Left 1st  1.4920
  Autostart OFF

  LEFT                RIGHT
  RT       0.4843     0.4904
  ET       1.6782     3.1641
  MPH      85.97      49.40


--------------------------------------------------------------
14:45:57   SLIP 2
--------------------------------------------------------------
          Portatree Timing Systems        
          Championship Drag Racing        
             www.portatree.com            
          -         Entry        -
        0.00        Dial       0.00  
         LB3A        RT        0.4705
           MPH  58.82
     DQ     ET  2.5831
           >>> WINNER
  Left Staging FOUL
  Right 1st
  Autostart OFF

  LEFT                RIGHT
  RT       -          0.4705
  ET       DQ         2.5831
  MPH      -          58.82


--------------------------------------------------------------
14:46:48   SLIP 3
--------------------------------------------------------------
          Portatree Timing Systems        
          Championship Drag Racing        
             www.portatree.com            
          -         Entry        -
        2.86        Dial       2.22  
        0.5065       RT        0.6218
    52.85  MPH 188.34
    2.9986  ET  2.2120
                  BREAKOUT     0.0080
   WINNER  <<<
  Right BREAKOUT
  Right 1st  0.0313
  Autostart OFF

  LEFT                RIGHT
  RT       0.5065     0.6218
  ET       2.9986     2.2120
  MPH      52.85      188.34

  Winner picked. Holding the result on the stream for 15 seconds.
  RC Drag Manager: jacko vs Chris Whelan [DYO R2]

--------------------------------------------------------------
14:51:04   SLIP 4
--------------------------------------------------------------
          Portatree Timing Systems        
          Championship Drag Racing        
             www.portatree.com            
          -         Entry        -
        2.00        Dial       1.95  
        0.4892       RT        0.4315
    27.77  MPH  75.00
    2.9782  ET  1.9825
           >>> WINNER
  Right 1st  1.0034
  Autostart OFF

  LEFT                RIGHT
  RT       0.4892     0.4315
  ET       2.9782     1.9825
  MPH      27.77      75.00

  Winner picked. Holding the result on the stream for 15 seconds.
  RC Drag Manager: Seth vs BYE [DYO R2]
  RC Drag Manager: brett farnell vs Jeff Grimes [DYO R2]

--------------------------------------------------------------
14:52:38   SLIP 5
--------------------------------------------------------------
          Portatree Timing Systems        
          Championship Drag Racing        
             www.portatree.com            
          -         Entry        -
        2.40        Dial       2.34  
        0.5870       RT        0.4980
    50.09  MPH  55.70
    2.4853  ET  2.3809
           >>> WINNER
  Right 1st  0.1334
  Autostart OFF

  LEFT                RIGHT
  RT       0.5870     0.4980
  ET       2.4853     2.3809
  MPH      50.09      55.70

  Winner picked. Holding the result on the stream for 15 seconds.
  RC Drag Manager: Jason Rodgers vs Ben [DYO R2]

--------------------------------------------------------------
14:54:50   SLIP 6
--------------------------------------------------------------
          Portatree Timing Systems        
          Championship Drag Racing        
             www.portatree.com            
          -         Entry        -
        2.55        Dial       3.48  
        0.3366       RT        0.4478
    20.91  MPH  32.81
    4.1414  ET  3.5264
           >>> WINNER
  Left FOUL
  Right 1st  1.4338
  Autostart OFF

  LEFT                RIGHT
  RT       0.3366     0.4478
  ET       4.1414     3.5264
  MPH      20.91      32.81

  Winner picked. Holding the result on the stream for 15 seconds.
  RC Drag Manager: Chris Whelan vs James Lowday [DYO R3]

--------------------------------------------------------------
14:59:51   SLIP 7
--------------------------------------------------------------
          Portatree Timing Systems        
          Championship Drag Racing        
             www.portatree.com            
          -         Entry        -
        1.95        Dial       2.86  
        0.6211       RT        0.6431
    76.35  MPH  53.22
    1.9751  ET  2.8522
                  BREAKOUT     0.0078
   WINNER  <<<
  Right BREAKOUT
  Right 1st  0.0109
  Autostart OFF

  LEFT                RIGHT
  RT       0.6211     0.6431
  ET       1.9751     2.8522
  MPH      76.35      53.22

  Winner picked. Holding the result on the stream for 15 seconds.
  RC Drag Manager: Jeff Grimes vs Seth [DYO R3]

--------------------------------------------------------------
15:01:22   SLIP 8
--------------------------------------------------------------
          Portatree Timing Systems        
          Championship Drag Racing        
             www.portatree.com            
          -         Entry        -
        2.34        Dial       2.45  
        0.5202       RT        0.4135
    55.61  MPH  60.23
    2.3876  ET  2.5884
           >>> WINNER
  Right 1st  0.0159
  Autostart OFF

  LEFT                RIGHT
  RT       0.5202     0.4135
  ET       2.3876     2.5884
  MPH      55.61      60.23

  Winner picked. Holding the result on the stream for 15 seconds.
  RC Drag Manager: Ben vs BYE [DYO R3]

--------------------------------------------------------------
15:02:09   SLIP 9
--------------------------------------------------------------
          Portatree Timing Systems        
          Championship Drag Racing        
             www.portatree.com            
          -         Entry        -
        0.00        Dial       0.00  
         LB3A        RT        0.4087
           MPH  32.87
     DQ     ET  3.5597
           >>> WINNER
  Left Staging FOUL
  Right 1st
  Autostart OFF

  LEFT                RIGHT
  RT       -          0.4087
  ET       DQ         3.5597
  MPH      -          32.87

  Winner picked. Holding the result on the stream for 15 seconds.
  RC Drag Manager: Chris Whelan vs BYE [DYO SF]
  RC Drag Manager: Seth vs Ben [DYO SF]

--------------------------------------------------------------
15:04:35   SLIP 10
--------------------------------------------------------------
          Portatree Timing Systems        
          Championship Drag Racing        
             www.portatree.com            
          -         Entry        -
        0.00        Dial       0.00  
         LB3A        RT        0.4783
           MPH  34.19
     DQ     ET  4.0268
           >>> WINNER
  Left Staging FOUL
  Right 1st
  Autostart OFF

  LEFT                RIGHT
  RT       -          0.4783
  ET       DQ         4.0268
  MPH      -          34.19


--------------------------------------------------------------
15:08:11   SLIP 11
--------------------------------------------------------------
          Portatree Timing Systems        
          Championship Drag Racing        
             www.portatree.com            
          -         Entry        -
        2.45        Dial       3.48  
        0.4588       RT        0.4425
    59.80  MPH  26.13
    2.6189  ET  3.6534
           >>> WINNER
  Right 1st  0.0118
  Autostart OFF

  LEFT                RIGHT
  RT       0.4588     0.4425
  ET       2.6189     3.6534
  MPH      59.80      26.13

  Winner picked. Holding the result on the stream for 15 seconds.
  RC Drag Manager: Ben vs Chris Whelan [DYO F]

--------------------------------------------------------------
15:09:38   SLIP 12
--------------------------------------------------------------
          Portatree Timing Systems        
          Championship Drag Racing        
             www.portatree.com            
          -         Entry        -
        3.55        Dial       1.95  
        0.5490       RT        LB3A
    30.57  MPH
    3.6437  ET    DQ
   WINNER  <<<
  Right Stage FOUL
  Left 1st
  Autostart OFF

  LEFT                RIGHT
  RT       0.5490     -
  ET       3.6437     DQ
  MPH      30.57      -


--------------------------------------------------------------
15:12:31   SLIP 13
--------------------------------------------------------------
          Portatree Timing Systems        
          Championship Drag Racing        
             www.portatree.com            
          -         Entry        -
        3.55        Dial       1.95  
        0.4986       RT        0.4642
    33.03  MPH  76.52
    3.4923  ET  1.9611
        0.0577    BREAKOUT
           >>> WINNER
  Left BREAKOUT
  Left 1st  0.0344
  Autostart OFF

  LEFT                RIGHT
  RT       0.4986     0.4642
  ET       3.4923     1.9611
  MPH      33.03      76.52


--------------------------------------------------------------
15:14:07   SLIP 14
--------------------------------------------------------------
          Portatree Timing Systems        
          Championship Drag Racing        
             www.portatree.com            
          -         Entry        -
        0.00        Dial       0.00  
        0.4730       RT        0.4470
    27.61  MPH  51.84
    3.7554  ET  2.4320
           >>> WINNER
  Right 1st  1.3494
  Autostart OFF

  LEFT                RIGHT
  RT       0.4730     0.4470
  ET       3.7554     2.4320
  MPH      27.61      51.84


--------------------------------------------------------------
15:15:33   SLIP 15
--------------------------------------------------------------
          Portatree Timing Systems        
          Championship Drag Racing        
             www.portatree.com            
          -         Entry        -
        0.00        Dial       0.00  
        0.6331       RT        0.5970
    16.88  MPH  50.50
    6.3773  ET  2.7363
           >>> WINNER
  Right 1st  3.6771
  Autostart OFF

  LEFT                RIGHT
  RT       0.6331     0.5970
  ET       6.3773     2.7363
  MPH      16.88      50.50


--------------------------------------------------------------
15:16:30   SLIP 16
--------------------------------------------------------------
          Portatree Timing Systems        
          Championship Drag Racing        
             www.portatree.com            
          -         Entry        -
        0.00        Dial       0.00  
        0.4727       RT        LB3A
    27.59  MPH
    3.7168  ET    DQ
   WINNER  <<<
  Right Stage FOUL
  Left 1st
  Autostart OFF

  LEFT                RIGHT
  RT       0.4727     -
  ET       3.7168     DQ
  MPH      27.59      -


--------------------------------------------------------------
15:17:22   SLIP 17
--------------------------------------------------------------
          Portatree Timing Systems        
          Championship Drag Racing        
             www.portatree.com            
          -         Entry        -
        0.00        Dial       0.00  
        0.3763       RT        0.3622
    26.91  MPH  46.95
    2.6753  ET  2.4485
   WINNER  <<<
  Right FOUL
  Right 1st  0.2409
  Autostart OFF

  LEFT                RIGHT
  RT       0.3763     0.3622
  ET       2.6753     2.4485
  MPH      26.91      46.95


--------------------------------------------------------------
15:18:06   SLIP 18
--------------------------------------------------------------
          Portatree Timing Systems        
          Championship Drag Racing        
             www.portatree.com            
          -         Entry        -
        0.00        Dial       0.00  
        0.7357       RT        0.3227
    19.33  MPH  50.35
    3.8418  ET  2.8379
   WINNER  <<<
  Right FOUL
  Right 1st  1.4169
  Autostart OFF

  LEFT                RIGHT
  RT       0.7357     0.3227
  ET       3.8418     2.8379
  MPH      19.33      50.35


--------------------------------------------------------------
15:19:43   SLIP 19
--------------------------------------------------------------
          Portatree Timing Systems        
          Championship Drag Racing        
             www.portatree.com            
          -         Entry        -
        0.00        Dial       0.00  
        0.5647       RT        0.4828
    47.08  MPH  53.72
    3.7410  ET  2.4038
           >>> WINNER
  Right 1st  1.4191
  Autostart OFF

  LEFT                RIGHT
  RT       0.5647     0.4828
  ET       3.7410     2.4038
  MPH      47.08      53.72


--------------------------------------------------------------
15:20:27   SLIP 20
--------------------------------------------------------------
          Portatree Timing Systems        
          Championship Drag Racing        
             www.portatree.com            
          -         Entry        -
        0.00        Dial       0.00  
        0.4802       RT        0.4391
    88.31  MPH  81.65
    1.7054  ET  1.6757
           >>> WINNER
  Right 1st  0.0708
  Autostart OFF

  LEFT                RIGHT
  RT       0.4802     0.4391
  ET       1.7054     1.6757
  MPH      88.31      81.65


--------------------------------------------------------------
15:21:23   SLIP 21
--------------------------------------------------------------
          Portatree Timing Systems        
          Championship Drag Racing        
             www.portatree.com            
          -         Entry        -
        0.00        Dial       0.00  
        0.7314       RT        0.6364
     1.83  MPH  49.05
    3.7068  ET  3.1937
           >>> WINNER
  Right 1st  0.6081
  Autostart OFF

  LEFT                RIGHT
  RT       0.7314     0.6364
  ET       3.7068     3.1937
  MPH      1.83       49.05


--------------------------------------------------------------
15:22:02   SLIP 22
--------------------------------------------------------------
          Portatree Timing Systems        
          Championship Drag Racing        
             www.portatree.com            
          -         Entry        -
        0.00        Dial       0.00  
        0.4414       RT        0.5637
     2.76  MPH  92.26
    2.4689  ET  1.6504
           >>> WINNER
  Right 1st  0.6962
  Autostart OFF

  LEFT                RIGHT
  RT       0.4414     0.5637
  ET       2.4689     1.6504
  MPH      2.76       92.26


--------------------------------------------------------------
15:22:50   SLIP 23
--------------------------------------------------------------
          Portatree Timing Systems        
          Championship Drag Racing        
             www.portatree.com            
          -         Entry        -
        0.00        Dial       0.00  
        0.6288       RT        LB3A
     1.79  MPH
    3.7956  ET    DQ
   WINNER  <<<
  Right Stage FOUL
  Left 1st
  Autostart OFF

  LEFT                RIGHT
  RT       0.6288     -
  ET       3.7956     DQ
  MPH      1.79       -


--------------------------------------------------------------
15:24:18   SLIP 24
--------------------------------------------------------------
          Portatree Timing Systems        
          Championship Drag Racing        
             www.portatree.com            
          -         Entry        -
        0.00        Dial       0.00  
        0.5178       RT        0.5610
     1.82  MPH
    3.7340  ET 64.9999
   WINNER  <<<
  Left 1st
  Autostart OFF

  LEFT                RIGHT
  RT       0.5178     0.5610
  ET       3.7340     64.9999
  MPH      1.82       -


--------------------------------------------------------------
15:24:41   SLIP 25
--------------------------------------------------------------
          Portatree Timing Systems        
          Championship Drag Racing        
             www.portatree.com            
          -         Entry        -
        0.00        Dial       0.00  
        2.1618       RT        1.8241
     2.61  MPH  84.27
    2.6119  ET  1.6261
           >>> WINNER
  Right 1st  1.3235
  Autostart OFF

  LEFT                RIGHT
  RT       2.1618     1.8241
  ET       2.6119     1.6261
  MPH      2.61       84.27


--------------------------------------------------------------
15:25:22   SLIP 26
--------------------------------------------------------------
          Portatree Timing Systems        
          Championship Drag Racing        
             www.portatree.com            
          -         Entry        -
        0.00        Dial       0.00  
        0.4818       RT        0.5555
     1.86  MPH  14.68
    3.6469  ET  8.5807
   WINNER  <<<
  Left 1st  5.0075
  Autostart OFF

  LEFT                RIGHT
  RT       0.4818     0.5555
  ET       3.6469     8.5807
  MPH      1.86       14.68


--------------------------------------------------------------
15:25:50   SLIP 27
--------------------------------------------------------------
          Portatree Timing Systems        
          Championship Drag Racing        
             www.portatree.com            
          -         Entry        -
        0.00        Dial       0.00  
        0.7070       RT        LB3A
     3.71  MPH
    1.8352  ET    DQ
   WINNER  <<<
  Right Stage FOUL
  Left 1st
  Autostart OFF

  LEFT                RIGHT
  RT       0.7070     -
  ET       1.8352     DQ
  MPH      3.71       -


--------------------------------------------------------------
15:27:06   SLIP 28
--------------------------------------------------------------
          Portatree Timing Systems        
          Championship Drag Racing        
             www.portatree.com            
          -         Entry        -
        0.00        Dial       0.00  
        0.3619       RT        0.7498
     1.85  MPH  0.19 
    3.6744  ET 37.8517
           >>> WINNER
  Left FOUL
  Left 1st
  Autostart OFF

  LEFT                RIGHT
  RT       0.3619     0.7498
  ET       3.6744     37.8517
  MPH      1.85       0.19


--------------------------------------------------------------
15:28:04   SLIP 29
--------------------------------------------------------------
          Portatree Timing Systems        
          Championship Drag Racing        
             www.portatree.com            
          -         Entry        -
        0.00        Dial       0.00  
        0.4893       RT        0.4440
           MPH  88.54
   64.9999  ET  1.5982
           >>> WINNER
  Right 1st
  Autostart OFF

  LEFT                RIGHT
  RT       0.4893     0.4440
  ET       64.9999    1.5982
  MPH      -          88.54


--------------------------------------------------------------
15:28:44   SLIP 30
--------------------------------------------------------------
          Portatree Timing Systems        
          Championship Drag Racing        
             www.portatree.com            
          -         Entry        -
        0.00        Dial       0.00  
        8.6047       RT        0.8187
    31.27  MPH  43.51
    3.7090  ET  2.9073
           >>> WINNER
  Right 1st  8.5877
  Autostart OFF

  LEFT                RIGHT
  RT       8.6047     0.8187
  ET       3.7090     2.9073
  MPH      31.27      43.51


--------------------------------------------------------------
15:29:33   SLIP 31
--------------------------------------------------------------
          Portatree Timing Systems        
          Championship Drag Racing        
             www.portatree.com            
          -         Entry        -
        0.00        Dial       0.00  
        1.6010       RT        0.5136
     2.81  MPH
    2.4237  ET 64.9999
   WINNER  <<<
  Left 1st
  Autostart OFF

  LEFT                RIGHT
  RT       1.6010     0.5136
  ET       2.4237     64.9999
  MPH      2.81       -


--------------------------------------------------------------
15:29:44   SLIP 32
--------------------------------------------------------------
          Portatree Timing Systems        
          Championship Drag Racing        
             www.portatree.com            
          -         Entry        -
        0.00        Dial       0.00  
         LB3A        RT        0.8379
           MPH  50.50
     DQ     ET  2.5114
           >>> WINNER
  Left Staging FOUL
  Right 1st
  Autostart OFF

  LEFT                RIGHT
  RT       -          0.8379
  ET       DQ         2.5114
  MPH      -          50.50


--------------------------------------------------------------
15:30:21   SLIP 33
--------------------------------------------------------------
          Portatree Timing Systems        
          Championship Drag Racing        
             www.portatree.com            
          -         Entry        -
        0.00        Dial       0.00  
         LB3A        RT        0.5002
           MPH  43.29
     DQ     ET  2.9481
           >>> WINNER
  Left Staging FOUL
  Right 1st
  Autostart OFF

  LEFT                RIGHT
  RT       -          0.5002
  ET       DQ         2.9481
  MPH      -          43.29


--------------------------------------------------------------
15:31:31   SLIP 34
--------------------------------------------------------------
          Portatree Timing Systems        
          Championship Drag Racing        
             www.portatree.com            
          -         Entry        -
        0.00        Dial       0.00  
        0.9737       RT        LB3A
           MPH
   64.9999  ET    DQ
   WINNER  <<<
  Right Stage FOUL
  Right 1st
  Autostart OFF

  LEFT                RIGHT
  RT       0.9737     -
  ET       64.9999    DQ
  MPH      -          -


--------------------------------------------------------------
15:31:48   SLIP 35
--------------------------------------------------------------
          Portatree Timing Systems        
          Championship Drag Racing        
             www.portatree.com            
          -         Entry        -
        0.00        Dial       0.00  
        0.8442       RT        2.5437
     1.84  MPH  57.05
    3.6916  ET  2.5367
   WINNER  <<<
  Left 1st  0.5446
  Autostart OFF

  LEFT                RIGHT
  RT       0.8442     2.5437
  ET       3.6916     2.5367
  MPH      1.84       57.05


--------------------------------------------------------------
15:32:30   SLIP 36
--------------------------------------------------------------
          Portatree Timing Systems        
          Championship Drag Racing        
             www.portatree.com            
          -         Entry        -
        0.00        Dial       0.00  
         LB3A        RT        1.0076
           MPH  56.30
     DQ     ET  2.7007
           >>> WINNER
  Left Staging FOUL
  Right 1st
  Autostart OFF

  LEFT                RIGHT
  RT       -          1.0076
  ET       DQ         2.7007
  MPH      -          56.30


--------------------------------------------------------------
15:33:05   SLIP 37
--------------------------------------------------------------
          Portatree Timing Systems        
          Championship Drag Racing        
             www.portatree.com            
          -         Entry        -
        0.00        Dial       0.00  
        0.5202       RT        0.5817
     1.79  MPH  83.25
    3.7985  ET  1.5507
           >>> WINNER
  Right 1st  2.1863
  Autostart OFF

  LEFT                RIGHT
  RT       0.5202     0.5817
  ET       3.7985     1.5507
  MPH      1.79       83.25


--------------------------------------------------------------
15:33:44   SLIP 38
--------------------------------------------------------------
          Portatree Timing Systems        
          Championship Drag Racing        
             www.portatree.com            
          -         Entry        -
        0.00        Dial       0.00  
         LB3A        RT        0.4683
           MPH  13.90
     DQ     ET  7.4275
           >>> WINNER
  Left Staging FOUL
  Right 1st
  Autostart OFF

  LEFT                RIGHT
  RT       -          0.4683
  ET       DQ         7.4275
  MPH      -          13.90


--------------------------------------------------------------
15:34:16   SLIP 39
--------------------------------------------------------------
          Portatree Timing Systems        
          Championship Drag Racing        
             www.portatree.com            
          -         Entry        -
        0.00        Dial       0.00  
        0.5128       RT        0.6899
     1.84  MPH  49.91
    3.6933  ET  2.7594
           >>> WINNER
  Right 1st  0.7568
  Autostart OFF

  LEFT                RIGHT
  RT       0.5128     0.6899
  ET       3.6933     2.7594
  MPH      1.84       49.91


--------------------------------------------------------------
15:34:56   SLIP 40
--------------------------------------------------------------
          Portatree Timing Systems        
          Championship Drag Racing        
             www.portatree.com            
          -         Entry        -
        0.00        Dial       0.00  
        0.9831       RT        LB3A
     3.44  MPH
    1.9784  ET    DQ
   WINNER  <<<
  Right Stage FOUL
  Left 1st
  Autostart OFF

  LEFT                RIGHT
  RT       0.9831     -
  ET       1.9784     DQ
  MPH      3.44       -


--------------------------------------------------------------
15:35:26   SLIP 41
--------------------------------------------------------------
          Portatree Timing Systems        
          Championship Drag Racing        
             www.portatree.com            
          -         Entry        -
        0.00        Dial       0.00  
        0.5338       RT        0.6908
     3.03  MPH  40.20
    2.2436  ET  4.0995
   WINNER  <<<
  Left 1st  2.0129
  Autostart OFF

  LEFT                RIGHT
  RT       0.5338     0.6908
  ET       2.2436     4.0995
  MPH      3.03       40.20


--------------------------------------------------------------
15:36:20   SLIP 42
--------------------------------------------------------------
          Portatree Timing Systems        
          Championship Drag Racing        
             www.portatree.com            
          -         Entry        -
        0.00        Dial       0.00  
         LB3A        RT        0.6034
           MPH  17.90
     DQ     ET  4.0810
           >>> WINNER
  Left Staging FOUL
  Right 1st
  Autostart OFF

  LEFT                RIGHT
  RT       -          0.6034
  ET       DQ         4.0810
  MPH      -          17.90


--------------------------------------------------------------
15:38:00   SLIP 43
--------------------------------------------------------------
          Portatree Timing Systems        
          Championship Drag Racing        
             www.portatree.com            
          -         Entry        -
        0.00        Dial       0.00  
        0.5887       RT        0.4662
    44.79  MPH  39.09
    3.7541  ET  2.9442
           >>> WINNER
  Right 1st  0.9324
  Autostart OFF

  LEFT                RIGHT
  RT       0.5887     0.4662
  ET       3.7541     2.9442
  MPH      44.79      39.09


--------------------------------------------------------------
15:38:23   SLIP 44
--------------------------------------------------------------
          Portatree Timing Systems        
          Championship Drag Racing        
             www.portatree.com            
          -         Entry        -
        0.00        Dial       0.00  
        0.5189       RT        LB3A
    24.66  MPH
    3.8619  ET    DQ
   WINNER  <<<
  Right Stage FOUL
  Left 1st
  Autostart OFF

  LEFT                RIGHT
  RT       0.5189     -
  ET       3.8619     DQ
  MPH      24.66      -


--------------------------------------------------------------
15:39:01   SLIP 45
--------------------------------------------------------------
          Portatree Timing Systems        
          Championship Drag Racing        
             www.portatree.com            
          -         Entry        -
        0.00        Dial       0.00  
         LB3A        RT        0.5838
           MPH  85.12
     DQ     ET  1.5616
           >>> WINNER
  Left Staging FOUL
  Right 1st
  Autostart OFF

  LEFT                RIGHT
  RT       -          0.5838
  ET       DQ         1.5616
  MPH      -          85.12


--------------------------------------------------------------
15:39:56   SLIP 46
--------------------------------------------------------------
          Portatree Timing Systems        
          Championship Drag Racing        
             www.portatree.com            
          -         Entry        -
        0.00        Dial       0.00  
        0.4244       RT        0.4772
    54.24  MPH  57.05
    2.4546  ET  2.4988
   WINNER  <<<
  Left 1st  0.0970
  Autostart OFF

  LEFT                RIGHT
  RT       0.4244     0.4772
  ET       2.4546     2.4988
  MPH      54.24      57.05


--------------------------------------------------------------
15:41:45   SLIP 47
--------------------------------------------------------------
          Portatree Timing Systems        
          Championship Drag Racing        
             www.portatree.com            
          -         Entry        -
        0.00        Dial       0.00  
        0.5647       RT        0.4460
    27.81  MPH
    3.7368  ET 64.9999
   WINNER  <<<
  Left 1st
  Autostart OFF

  LEFT                RIGHT
  RT       0.5647     0.4460
  ET       3.7368     64.9999
  MPH      27.81      -


--------------------------------------------------------------
15:42:47   SLIP 48
--------------------------------------------------------------
          Portatree Timing Systems        
          Championship Drag Racing        
             www.portatree.com            
          -         Entry        -
        0.00        Dial       0.00  
          NT         RT         NT
           MPH
    0.0000  ET  0.0000
  Autostart OFF

  LEFT                RIGHT
  RT       -          -
  ET       0.0000     0.0000
  MPH      -          -


--------------------------------------------------------------
15:43:05   SLIP 49
--------------------------------------------------------------
          Portatree Timing Systems        
          Championship Drag Racing        
             www.portatree.com            
          -         Entry        -
        0.00        Dial       0.00  
        0.3964       RT        0.4728
    88.43  MPH  80.97
    1.4413  ET  1.8476
   WINNER  <<<
  Left 1st  0.4827
  Autostart OFF

  LEFT                RIGHT
  RT       0.3964     0.4728
  ET       1.4413     1.8476
  MPH      88.43      80.97


--------------------------------------------------------------
15:44:32   SLIP 50
--------------------------------------------------------------
          Portatree Timing Systems        
          Championship Drag Racing        
             www.portatree.com            
          -         Entry        -
        0.00        Dial       0.00  
         LB3A        RT        1.3468
           MPH  90.42
     DQ     ET  1.6348
           >>> WINNER
  Left Staging FOUL
  Right 1st
  Autostart OFF

  LEFT                RIGHT
  RT       -          1.3468
  ET       DQ         1.6348
  MPH      -          90.42


--------------------------------------------------------------
15:45:05   SLIP 51
--------------------------------------------------------------
          Portatree Timing Systems        
          Championship Drag Racing        
             www.portatree.com            
          -         Entry        -
        0.00        Dial       0.00  
        0.4510       RT        0.4332
           MPH  92.38
   64.9999  ET  1.6237
           >>> WINNER
  Right 1st
  Autostart OFF

  LEFT                RIGHT
  RT       0.4510     0.4332
  ET       64.9999    1.6237
  MPH      -          92.38


--------------------------------------------------------------
15:45:44   SLIP 52
--------------------------------------------------------------
          Portatree Timing Systems        
          Championship Drag Racing        
             www.portatree.com            
          -         Entry        -
        0.00        Dial       0.00  
        0.0341       RT        0.5175
    23.80  MPH
    4.3141  ET 64.9999
           >>> WINNER
  Left FOUL
  Left 1st
  Autostart OFF

  LEFT                RIGHT
  RT       0.0341     0.5175
  ET       4.3141     64.9999
  MPH      23.80      -


--------------------------------------------------------------
15:46:03   SLIP 53
--------------------------------------------------------------
          Portatree Timing Systems        
          Championship Drag Racing        
             www.portatree.com            
          -         Entry        -
        0.00        Dial       0.00  
        0.6379       RT        0.5113
    81.65  MPH
    1.6083  ET 64.9999
   WINNER  <<<
  Left 1st
  Autostart OFF

  LEFT                RIGHT
  RT       0.6379     0.5113
  ET       1.6083     64.9999
  MPH      81.65      -


--------------------------------------------------------------
15:46:31   SLIP 54
--------------------------------------------------------------
          Portatree Timing Systems        
          Championship Drag Racing        
             www.portatree.com            
          -         Entry        -
        0.00        Dial       0.00  
        0.5071       RT        LB3A
    27.79  MPH
    3.7710  ET    DQ
   WINNER  <<<
  Right Stage FOUL
  Left 1st
  Autostart OFF

  LEFT                RIGHT
  RT       0.5071     -
  ET       3.7710     DQ
  MPH      27.79      -


--------------------------------------------------------------
15:47:09   SLIP 55
--------------------------------------------------------------
          Portatree Timing Systems        
          Championship Drag Racing        
             www.portatree.com            
          -         Entry        -
        0.00        Dial       0.00  
         LB3A        RT        0.4523
           MPH
     DQ     ET 64.9999
           >>> WINNER
  Left Staging FOUL
  Right 1st
  Autostart OFF

  LEFT                RIGHT
  RT       -          0.4523
  ET       DQ         64.9999
  MPH      -          -


--------------------------------------------------------------
15:48:17   SLIP 56
--------------------------------------------------------------
          Portatree Timing Systems        
          Championship Drag Racing        
             www.portatree.com            
          -         Entry        -
        0.00        Dial       0.00  
        0.7380       RT        LB3A
           MPH
   64.9999  ET    DQ
   WINNER  <<<
  Right Stage FOUL
  Right 1st
  Autostart OFF

  LEFT                RIGHT
  RT       0.7380     -
  ET       64.9999    DQ
  MPH      -          -


--------------------------------------------------------------
15:48:50   SLIP 57
--------------------------------------------------------------
          Portatree Timing Systems        
          Championship Drag Racing        
             www.portatree.com            
          -         Entry        -
        0.00        Dial       0.00  
        0.5964       RT        0.4252
           MPH
   64.9999  ET 64.9999
  Autostart OFF

  LEFT                RIGHT
  RT       0.5964     0.4252
  ET       64.9999    64.9999
  MPH      -          -


--------------------------------------------------------------
15:50:03   SLIP 58
--------------------------------------------------------------
          Portatree Timing Systems        
          Championship Drag Racing        
             www.portatree.com            
          -         Entry        -
        0.00        Dial       0.00  
        0.4876       RT        0.9016
    36.11  MPH  38.28
    3.9600  ET  6.6521
   WINNER  <<<
  Left 1st  3.1061
  Autostart OFF

  LEFT                RIGHT
  RT       0.4876     0.9016
  ET       3.9600     6.6521
  MPH      36.11      38.28


--------------------------------------------------------------
15:51:10   SLIP 59
--------------------------------------------------------------
          Portatree Timing Systems        
          Championship Drag Racing        
             www.portatree.com            
          -         Entry        -
        0.00        Dial       0.00  
        0.4486       RT        0.4667
           MPH  29.01
   64.9999  ET  2.7144
           >>> WINNER
  Right 1st
  Autostart OFF

  LEFT                RIGHT
  RT       0.4486     0.4667
  ET       64.9999    2.7144
  MPH      -          29.01


--------------------------------------------------------------
15:51:57   SLIP 60
--------------------------------------------------------------
          Portatree Timing Systems        
          Championship Drag Racing        
             www.portatree.com            
          -         Entry        -
        0.00        Dial       0.00  
        0.6636       RT        LB3A
    49.98  MPH
    3.3760  ET    DQ
   WINNER  <<<
  Right Stage FOUL
  Left 1st
  Autostart OFF

  LEFT                RIGHT
  RT       0.6636     -
  ET       3.3760     DQ
  MPH      49.98      -


--------------------------------------------------------------
15:53:38   SLIP 61
--------------------------------------------------------------
          Portatree Timing Systems        
          Championship Drag Racing        
             www.portatree.com            
          -         Entry        -
        0.00        Dial       0.00  
         LB3A        RT        0.3907
           MPH  86.63
     DQ     ET  1.5940
           >>> WINNER
  Left Staging FOUL
  Right 1st
  Autostart OFF

  LEFT                RIGHT
  RT       -          0.3907
  ET       DQ         1.5940
  MPH      -          86.63


--------------------------------------------------------------
15:54:26   SLIP 62
--------------------------------------------------------------
          Portatree Timing Systems        
          Championship Drag Racing        
             www.portatree.com            
          -         Entry        -
        0.00        Dial       0.00  
         LB3A        RT        0.6496
           MPH
     DQ     ET 64.9999
           >>> WINNER
  Left Staging FOUL
  Right 1st
  Autostart OFF

  LEFT                RIGHT
  RT       -          0.6496
  ET       DQ         64.9999
  MPH      -          -


--------------------------------------------------------------
15:55:31   SLIP 63
--------------------------------------------------------------
          Portatree Timing Systems        
          Championship Drag Racing        
             www.portatree.com            
          -         Entry        -
        0.00        Dial       0.00  
        0.5115       RT        LB3A
           MPH
   64.9999  ET    DQ
   WINNER  <<<
  Right Stage FOUL
  Right 1st
  Autostart OFF

  LEFT                RIGHT
  RT       0.5115     -
  ET       64.9999    DQ
  MPH      -          -


--------------------------------------------------------------
15:55:44   SLIP 64
--------------------------------------------------------------
          Portatree Timing Systems        
          Championship Drag Racing        
             www.portatree.com            
          -         Entry        -
        0.00        Dial       0.00  
        3.1310       RT        LB3A
    55.29  MPH
    4.6840  ET    DQ
   WINNER  <<<
  Right Stage FOUL
  Left 1st
  Autostart OFF

  LEFT                RIGHT
  RT       3.1310     -
  ET       4.6840     DQ
  MPH      55.29      -


--------------------------------------------------------------
15:59:17   SLIP 65
--------------------------------------------------------------
          Portatree Timing Systems        
          Championship Drag Racing        
             www.portatree.com            
          -         Entry        -
        0.00        Dial       0.00  
         LB3A        RT        0.5565
           MPH  44.94
     DQ     ET  3.3236
           >>> WINNER
  Left Staging FOUL
  Right 1st
  Autostart OFF

  LEFT                RIGHT
  RT       -          0.5565
  ET       DQ         3.3236
  MPH      -          44.94


--------------------------------------------------------------
16:00:50   SLIP 66
--------------------------------------------------------------
          Portatree Timing Systems        
          Championship Drag Racing        
             www.portatree.com            
          -         Entry        -
        0.00        Dial       0.00  
        0.5277       RT        0.5840
           MPH  41.59
   64.9999  ET  2.9236
           >>> WINNER
  Right 1st
  Autostart OFF

  LEFT                RIGHT
  RT       0.5277     0.5840
  ET       64.9999    2.9236
  MPH      -          41.59


--------------------------------------------------------------
16:01:44   SLIP 67
--------------------------------------------------------------
          Portatree Timing Systems        
          Championship Drag Racing        
             www.portatree.com            
          -         Entry        -
        0.00        Dial       0.00  
        0.3838       RT        0.4779
    79.93  MPH  87.07
    1.5301  ET  1.6192
   WINNER  <<<
  Left 1st  0.1832
  Autostart OFF

  LEFT                RIGHT
  RT       0.3838     0.4779
  ET       1.5301     1.6192
  MPH      79.93      87.07


--------------------------------------------------------------
16:03:03   SLIP 68
--------------------------------------------------------------
          Portatree Timing Systems        
          Championship Drag Racing        
             www.portatree.com            
          -         Entry        -
        0.00        Dial       0.00  
        0.3870       RT        0.4822
           MPH  21.99
   64.9999  ET  7.0866
           >>> WINNER
  Right 1st
  Autostart OFF

  LEFT                RIGHT
  RT       0.3870     0.4822
  ET       64.9999    7.0866
  MPH      -          21.99


--------------------------------------------------------------
16:04:26   SLIP 69
--------------------------------------------------------------
          Portatree Timing Systems        
          Championship Drag Racing        
             www.portatree.com            
          -         Entry        -
        0.00        Dial       0.00  
         LB3A        RT        3.2364
           MPH  51.80
     DQ     ET  5.8392
           >>> WINNER
  Left Staging FOUL
  Right 1st
  Autostart OFF

  LEFT                RIGHT
  RT       -          3.2364
  ET       DQ         5.8392
  MPH      -          51.80

